#! /usr/bin/vvp
:ivl_version "12.0 (stable)";
:ivl_delay_selection "TYPICAL";
:vpi_time_precision - 12;
:vpi_module "/usr/lib/x86_64-linux-gnu/ivl/system.vpi";
:vpi_module "/usr/lib/x86_64-linux-gnu/ivl/vhdl_sys.vpi";
:vpi_module "/usr/lib/x86_64-linux-gnu/ivl/vhdl_textio.vpi";
:vpi_module "/usr/lib/x86_64-linux-gnu/ivl/v2005_math.vpi";
:vpi_module "/usr/lib/x86_64-linux-gnu/ivl/va_math.vpi";
S_0x6220aca58b80 .scope module, "tb_generator_counter" "tb_generator_counter" 2 3;
 .timescale -9 -12;
v0x6220aca6af60_0 .var "clk", 0 0;
v0x6220aca6b020_0 .net "counter", 9 0, v0x6220aca6add0_0;  1 drivers
v0x6220aca6b0f0_0 .var "rst", 0 0;
v0x6220aca6b1f0_0 .var "tx_done", 0 0;
S_0x6220aca58d10 .scope module, "DUT" "generator_counter" 2 11, 3 2 0, S_0x6220aca58b80;
 .timescale 0 0;
    .port_info 0 /INPUT 1 "i_clk";
    .port_info 1 /INPUT 1 "i_rst";
    .port_info 2 /INPUT 1 "i_tx_done";
    .port_info 3 /OUTPUT 10 "o_counter";
v0x6220aca45e90_0 .net "i_clk", 0 0, v0x6220aca6af60_0;  1 drivers
v0x6220aca6ac40_0 .net "i_rst", 0 0, v0x6220aca6b0f0_0;  1 drivers
v0x6220aca6ad00_0 .net "i_tx_done", 0 0, v0x6220aca6b1f0_0;  1 drivers
v0x6220aca6add0_0 .var "o_counter", 9 0;
E_0x6220aca59810 .event posedge, v0x6220aca45e90_0;
    .scope S_0x6220aca58d10;
T_0 ;
    %wait E_0x6220aca59810;
    %load/vec4 v0x6220aca6ac40_0;
    %flag_set/vec4 8;
    %jmp/0xz  T_0.0, 8;
    %pushi/vec4 0, 0, 10;
    %store/vec4 v0x6220aca6add0_0, 0, 10;
    %jmp T_0.1;
T_0.0 ;
    %load/vec4 v0x6220aca6ad00_0;
    %flag_set/vec4 8;
    %jmp/0xz  T_0.2, 8;
    %load/vec4 v0x6220aca6add0_0;
    %addi 1, 0, 10;
    %assign/vec4 v0x6220aca6add0_0, 0;
    %jmp T_0.3;
T_0.2 ;
    %load/vec4 v0x6220aca6add0_0;
    %assign/vec4 v0x6220aca6add0_0, 0;
T_0.3 ;
T_0.1 ;
    %jmp T_0;
    .thread T_0;
    .scope S_0x6220aca58b80;
T_1 ;
    %delay 5000, 0;
    %load/vec4 v0x6220aca6af60_0;
    %inv;
    %store/vec4 v0x6220aca6af60_0, 0, 1;
    %jmp T_1;
    .thread T_1;
    .scope S_0x6220aca58b80;
T_2 ;
    %pushi/vec4 0, 0, 1;
    %store/vec4 v0x6220aca6af60_0, 0, 1;
    %pushi/vec4 1, 0, 1;
    %store/vec4 v0x6220aca6b0f0_0, 0, 1;
    %pushi/vec4 0, 0, 1;
    %store/vec4 v0x6220aca6b1f0_0, 0, 1;
    %delay 20000, 0;
    %pushi/vec4 0, 0, 1;
    %store/vec4 v0x6220aca6b0f0_0, 0, 1;
    %pushi/vec4 5, 0, 32;
T_2.0 %dup/vec4;
    %pushi/vec4 0, 0, 32;
    %cmp/s;
    %jmp/1xz T_2.1, 5;
    %jmp/1 T_2.1, 4;
    %pushi/vec4 1, 0, 32;
    %sub;
    %delay 20000, 0;
    %pushi/vec4 1, 0, 1;
    %store/vec4 v0x6220aca6b1f0_0, 0, 1;
    %delay 10000, 0;
    %pushi/vec4 0, 0, 1;
    %store/vec4 v0x6220aca6b1f0_0, 0, 1;
    %jmp T_2.0;
T_2.1 ;
    %pop/vec4 1;
    %delay 50000, 0;
    %vpi_call 2 37 "$finish" {0 0 0};
    %end;
    .thread T_2;
# The file index is used to find the file name in the following table.
:file_names 4;
    "N/A";
    "<interactive>";
    "TESTBENCH/data_generator_tb.v";
    "RTL/data_generator_counter.v";
